../Core/Src/main.c:89:5:main	8	static
../Core/Src/main.c:156:6:SystemClock_Config	88	static
../Core/Src/main.c:203:13:MX_ADC1_Init	24	static
../Core/Src/main.c:255:13:MX_ADC2_Init	24	static
../Core/Src/main.c:307:13:MX_ADC3_Init	24	static
../Core/Src/main.c:359:13:MX_CAN1_Init	8	static
../Core/Src/main.c:396:13:MX_SPI1_Init	8	static
../Core/Src/main.c:434:13:MX_SPI2_Init	8	static
../Core/Src/main.c:472:13:MX_SPI3_Init	8	static
../Core/Src/main.c:510:13:MX_TIM1_Init	96	static
../Core/Src/main.c:597:13:MX_TIM3_Init	64	static
../Core/Src/main.c:668:13:MX_TIM4_Init	64	static
../Core/Src/main.c:739:13:MX_USB_OTG_FS_PCD_Init	8	static
../Core/Src/main.c:774:13:MX_GPIO_Init	64	static
../Core/Src/main.c:844:6:Error_Handler	4	static,ignoring_inline_asm
